✅ Source mapping table checked/updated.
✅ Database connection established.
✅ Source mapping table checked/updated.
✅ Database connection established.
🕵️ Stealth Scraper started (Presence hidden).
➜ Backfill Initialized: @khitthitnews
➜ Backfill Initialized: @theirrawaddy
➜ Backfill Initialized: @infohlaing
➜ Backfill Initialized: @elevenmediagroup
➜ Backfill Initialized: @spmnewsagency2019
➜ Backfill Initialized: @bbcnewsburmese
➜ Backfill Initialized: @peoplespring
Skipping @khitthitnews (257867): Already processed.
Skipping @khitthitnews (257865): Already processed.
🤖 Calling AI BATCH for 1 messages...
⚠️ No valid AI results returned for this batch.
Skipping @khitthitnews (257856): Already processed.
Skipping @khitthitnews (257855): Already processed.
Skipping @khitthitnews (257852): Already processed.
Skipping @khitthitnews (257850): Already processed.
Skipping @khitthitnews (257848): Already processed.
Skipping @khitthitnews (257846): Already processed.
Skipping @khitthitnews (257843): Already processed.
Skipping @khitthitnews (257841): Already processed.
Skipping @khitthitnews (257834): Already processed.
Skipping @khitthitnews (257832): Already processed.
Skipping @khitthitnews (257831): Already processed.
Skipping @khitthitnews (257830): Already processed.
Skipping @khitthitnews (257825): Already processed.
Skipping @khitthitnews (257823): Already processed.
Skipping @khitthitnews (257821): Already processed.
Skipping @khitthitnews (257819): Already processed.
Skipping @theirrawaddy (59389): Already processed.
Skipping @theirrawaddy (59387): Already processed.
Skipping @theirrawaddy (59382): Already processed.
Skipping @theirrawaddy (59381): Already processed.
Skipping @theirrawaddy (59380): Already processed.
Skipping @theirrawaddy (59375): Already processed.
Skipping @theirrawaddy (59373): Already processed.
Skipping @theirrawaddy (59371): Already processed.
🤖 Calling AI BATCH for 1 messages...
⚠️ No valid AI results returned for this batch.
Skipping @theirrawaddy (59367): Already processed.
Skipping @theirrawaddy (59360): Already processed.
Skipping @theirrawaddy (59358): Already processed.
🤖 Calling AI BATCH for 4 messages...
⚠️ No valid AI results returned for this batch.
Skipping @theirrawaddy (59350): Already processed.
Skipping @theirrawaddy (59349): Already processed.
🤖 Calling AI BATCH for 2 messages...
ℹ️ All 2 items in this batch were duplicates (semantic or ID). Skip.
Skipping @infohlaing (154928): Already processed.
Skipping @infohlaing (154927): Already processed.
Skipping @infohlaing (154926): Already processed.
Skipping @infohlaing (154924): Already processed.
Skipping @infohlaing (154923): Already processed.
Skipping @infohlaing (154922): Already processed.
Skipping @elevenmediagroup (76824): Already processed.
Skipping @elevenmediagroup (76823): Already processed.
Skipping @elevenmediagroup (76818): Already processed.
Skipping @spmnewsagency2019 (25032): Already processed.
Skipping @spmnewsagency2019 (25030): Already processed.
Skipping @spmnewsagency2019 (25028): Already processed.
Skipping @spmnewsagency2019 (25026): Already processed.
Skipping @spmnewsagency2019 (25021): Already processed.
Skipping @spmnewsagency2019 (25019): Already processed.
Skipping @spmnewsagency2019 (25018): Already processed.
Skipping @spmnewsagency2019 (25014): Already processed.
Skipping @spmnewsagency2019 (25012): Already processed.
Skipping @spmnewsagency2019 (25010): Already processed.
Skipping @spmnewsagency2019 (25006): Already processed.
Skipping @spmnewsagency2019 (25002): Already processed.
Skipping @spmnewsagency2019 (25001): Already processed.
Skipping @spmnewsagency2019 (25000): Already processed.
Skipping @spmnewsagency2019 (24998): Already processed.
Skipping @spmnewsagency2019 (24993): Already processed.
Skipping @spmnewsagency2019 (24991): Already processed.
Skipping @spmnewsagency2019 (24987): Already processed.
Skipping @spmnewsagency2019 (24985): Already processed.
Skipping @PeopleSpring (98955): Already processed.
Skipping @PeopleSpring (98953): Already processed.
Skipping @PeopleSpring (98952): Already processed.
Skipping @bbcnewsburmese (7579): Already processed.
Skipping @bbcnewsburmese (7578): Already processed.
Skipping @bbcnewsburmese (7577): Already processed.
Skipping @bbcnewsburmese (7576): Already processed.
Skipping @bbcnewsburmese (7575): Already processed.
Skipping @bbcnewsburmese (7574): Already processed.
Skipping @bbcnewsburmese (7573): Already processed.
Skipping @bbcnewsburmese (7572): Already processed.
Skipping @bbcnewsburmese (7571): Already processed.
Skipping @bbcnewsburmese (7570): Already processed.
Skipping @bbcnewsburmese (7569): Already processed.
Skipping @bbcnewsburmese (7568): Already processed.
Skipping @bbcnewsburmese (7567): Already processed.
Skipping @bbcnewsburmese (7564): Already processed.
Skipping @bbcnewsburmese (7560): Already processed.
Skipping @theirrawaddy (59347): Already processed.
Skipping @theirrawaddy (59346): Already processed.
Skipping @theirrawaddy (59344): Already processed.
Skipping @theirrawaddy (59339): Already processed.
🤖 Calling AI BATCH for 1 messages...
⚠️ No valid AI results returned for this batch.
Skipping @infohlaing (154917): Already processed.
Skipping @infohlaing (154916): Already processed.
Skipping @infohlaing (154915): Already processed.
Skipping @infohlaing (154914): Already processed.
Skipping @infohlaing (154913): Already processed.
Skipping @infohlaing (154912): Already processed.
Skipping @infohlaing (154911): Already processed.
Skipping @infohlaing (154910): Already processed.
Skipping @infohlaing (154909): Already processed.
🤖 Calling AI BATCH for 1 messages...
⚠️ No valid AI results returned for this batch.
Skipping @elevenmediagroup (76808): Already processed.
🤖 Calling AI BATCH for 3 messages...
✅ Batch complete. Saved 1/3 new records.
Skipping @PeopleSpring (98951): Already processed.
Skipping @PeopleSpring (98950): Already processed.
Skipping @PeopleSpring (98944): Already processed.
Skipping @PeopleSpring (98943): Already processed.
Skipping @PeopleSpring (98942): Already processed.
Skipping @PeopleSpring (98941): Already processed.
Skipping @PeopleSpring (98939): Already processed.
Skipping @PeopleSpring (98937): Already processed.
Skipping @PeopleSpring (98934): Already processed.
Skipping @PeopleSpring (98933): Already processed.
🤖 Calling AI BATCH for 2 messages...
⚠️ No valid AI results returned for this batch.
Skipping @bbcnewsburmese (7559): Already processed.
Skipping @bbcnewsburmese (7557): Already processed.
Skipping @bbcnewsburmese (7556): Already processed.
Skipping @bbcnewsburmese (7555): Already processed.
Skipping @bbcnewsburmese (7554): Already processed.
Skipping @bbcnewsburmese (7553): Already processed.
🤖 Calling AI BATCH for 1 messages...
⚠️ No valid AI results returned for this batch.
Skipping @infohlaing (154908): Already processed.
Skipping @infohlaing (154907): Already processed.
Skipping @infohlaing (154906): Already processed.
Skipping @infohlaing (154905): Already processed.
Skipping @infohlaing (154904): Already processed.
Skipping @infohlaing (154903): Already processed.
Skipping @infohlaing (154902): Already processed.
Skipping @infohlaing (154900): Already processed.
Skipping @infohlaing (154899): Already processed.
🤖 Calling AI BATCH for 2 messages...
⚠️ No valid AI results returned for this batch.
Skipping @elevenmediagroup (76804): Already processed.
Skipping @elevenmediagroup (76799): Already processed.
Skipping @elevenmediagroup (76798): Already processed.
Skipping @elevenmediagroup (76797): Already processed.
Skipping @elevenmediagroup (76796): Already processed.
Skipping @elevenmediagroup (76795): Already processed.
Skipping @elevenmediagroup (76791): Already processed.
Skipping @elevenmediagroup (76788): Already processed.
🤖 Calling AI BATCH for 4 messages...
⚠️ No valid AI results returned for this batch.
Skipping @PeopleSpring (98931): Already processed.
Skipping @PeopleSpring (98930): Already processed.
Skipping @PeopleSpring (98929): Already processed.
Skipping @PeopleSpring (98928): Already processed.
Skipping @PeopleSpring (98927): Already processed.
Skipping @PeopleSpring (98926): Already processed.
Skipping @PeopleSpring (98913): Already processed.
Skipping @PeopleSpring (98912): Already processed.
🤖 Calling AI BATCH for 1 messages...
⚠️ No valid AI results returned for this batch.
Skipping @bbcnewsburmese (7544): Already processed.
Skipping @bbcnewsburmese (7543): Already processed.
Skipping @bbcnewsburmese (7542): Already processed.
Skipping @bbcnewsburmese (7536): Already processed.
Skipping @bbcnewsburmese (7531): Already processed.
🤖 Calling AI BATCH for 1 messages...
✅ Batch complete. Saved 1/1 new records.
Skipping @infohlaing (154898): Already processed.
Skipping @infohlaing (154897): Already processed.
Skipping @infohlaing (154896): Already processed.
Skipping @infohlaing (154895): Already processed.
Skipping @infohlaing (154894): Already processed.
Skipping @infohlaing (154893): Already processed.
Skipping @infohlaing (154892): Already processed.
Skipping @infohlaing (154891): Already processed.
Skipping @infohlaing (154890): Already processed.
Skipping @infohlaing (154889): Already processed.
Skipping @infohlaing (154888): Already processed.
Skipping @infohlaing (154887): Already processed.
Skipping @infohlaing (154886): Already processed.
Skipping @infohlaing (154885): Already processed.
Skipping @infohlaing (154884): Already processed.
Skipping @infohlaing (154883): Already processed.
Skipping @infohlaing (154882): Already processed.
Skipping @infohlaing (154881): Already processed.
Skipping @infohlaing (154880): Already processed.
Skipping @infohlaing (154879): Already processed.
🤖 Calling AI BATCH for 1 messages...
⚠️ No valid AI results returned for this batch.
Skipping @elevenmediagroup (76780): Already processed.
🤖 Calling AI BATCH for 2 messages...
⚠️ No valid AI results returned for this batch.
Cannot get difference for channel 1838220865 since the account is likely misusing the session: database is locked
OperationalError exception in shielded future
future: <Task finished name='Task-46' coro=<TelegramBaseClient._disconnect_coro() done, defined at /Users/minhtet/Projects/burmaduta/.venv/lib/python3.14/site-packages/telethon/client/telegrambaseclient.py:716> exception=OperationalError('database is locked')>
Traceback (most recent call last):
  File "/Users/minhtet/Projects/burmaduta/.venv/lib/python3.14/site-packages/telethon/client/telegrambaseclient.py", line 746, in _disconnect_coro
    await self._save_states_and_entities()
  File "/Users/minhtet/Projects/burmaduta/.venv/lib/python3.14/site-packages/telethon/client/telegrambaseclient.py", line 701, in _save_states_and_entities
    self.session.process_entities(
    ~~~~~~~~~~~~~~~~~~~~~~~~~~~~~^
        types.contacts.ResolvedPeer(None, [types.InputPeerUser(0, self._mb_entity_cache.self_id)], [])
        ^^^^^^^^^^^^^^^^^^^^^^^^^^^^^^^^^^^^^^^^^^^^^^^^^^^^^^^^^^^^^^^^^^^^^^^^^^^^^^^^^^^^^^^^^^^^^^
    )
    ^
  File "/Users/minhtet/Projects/burmaduta/.venv/lib/python3.14/site-packages/telethon/sessions/sqlite.py", line 301, in process_entities
    c.executemany(
    ~~~~~~~~~~~~~^
        'insert or replace into entities values (?,?,?,?,?,?)', rows)
        ^^^^^^^^^^^^^^^^^^^^^^^^^^^^^^^^^^^^^^^^^^^^^^^^^^^^^^^^^^^^^
sqlite3.OperationalError: database is locked
Traceback (most recent call last):
  File "/Users/minhtet/Projects/burmaduta/.venv/lib/python3.14/site-packages/telethon/client/updates.py", line 38, in _run_until_disconnected
    raise self._updates_error
  File "/Users/minhtet/Projects/burmaduta/.venv/lib/python3.14/site-packages/telethon/client/updates.py", line 354, in _update_loop
    diff = await self(get_diff)
           ^^^^^^^^^^^^^^^^^^^^
  File "/Users/minhtet/Projects/burmaduta/.venv/lib/python3.14/site-packages/telethon/client/users.py", line 30, in __call__
    return await self._call(self._sender, request, ordered=ordered)
           ^^^^^^^^^^^^^^^^^^^^^^^^^^^^^^^^^^^^^^^^^^^^^^^^^^^^^^^^
  File "/Users/minhtet/Projects/burmaduta/.venv/lib/python3.14/site-packages/telethon/client/users.py", line 93, in _call
    await utils.maybe_async(self.session.process_entities(result))
                            ~~~~~~~~~~~~~~~~~~~~~~~~~~~~~^^^^^^^^
  File "/Users/minhtet/Projects/burmaduta/.venv/lib/python3.14/site-packages/telethon/sessions/sqlite.py", line 301, in process_entities
    c.executemany(
    ~~~~~~~~~~~~~^
        'insert or replace into entities values (?,?,?,?,?,?)', rows)
        ^^^^^^^^^^^^^^^^^^^^^^^^^^^^^^^^^^^^^^^^^^^^^^^^^^^^^^^^^^^^^
sqlite3.OperationalError: database is locked

During handling of the above exception, another exception occurred:

Traceback (most recent call last):
  File "/Users/minhtet/Projects/burmaduta/backend/scraper.py", line 204, in <module>
    asyncio.run(main())
    ~~~~~~~~~~~^^^^^^^^
  File "/opt/homebrew/Cellar/python@3.14/3.14.2/Frameworks/Python.framework/Versions/3.14/lib/python3.14/asyncio/runners.py", line 204, in run
    return runner.run(main)
           ~~~~~~~~~~^^^^^^
  File "/opt/homebrew/Cellar/python@3.14/3.14.2/Frameworks/Python.framework/Versions/3.14/lib/python3.14/asyncio/runners.py", line 127, in run
    return self._loop.run_until_complete(task)
           ~~~~~~~~~~~~~~~~~~~~~~~~~~~~~^^^^^^
  File "/opt/homebrew/Cellar/python@3.14/3.14.2/Frameworks/Python.framework/Versions/3.14/lib/python3.14/asyncio/base_events.py", line 719, in run_until_complete
    return future.result()
           ~~~~~~~~~~~~~^^
  File "/Users/minhtet/Projects/burmaduta/backend/scraper.py", line 201, in main
    await client.run_until_disconnected()
  File "/Users/minhtet/Projects/burmaduta/.venv/lib/python3.14/site-packages/telethon/client/updates.py", line 43, in _run_until_disconnected
    await self.disconnect()
  File "/Users/minhtet/Projects/burmaduta/.venv/lib/python3.14/site-packages/telethon/client/telegrambaseclient.py", line 746, in _disconnect_coro
    await self._save_states_and_entities()
  File "/Users/minhtet/Projects/burmaduta/.venv/lib/python3.14/site-packages/telethon/client/telegrambaseclient.py", line 701, in _save_states_and_entities
    self.session.process_entities(
    ~~~~~~~~~~~~~~~~~~~~~~~~~~~~~^
        types.contacts.ResolvedPeer(None, [types.InputPeerUser(0, self._mb_entity_cache.self_id)], [])
        ^^^^^^^^^^^^^^^^^^^^^^^^^^^^^^^^^^^^^^^^^^^^^^^^^^^^^^^^^^^^^^^^^^^^^^^^^^^^^^^^^^^^^^^^^^^^^^
    )
    ^
  File "/Users/minhtet/Projects/burmaduta/.venv/lib/python3.14/site-packages/telethon/sessions/sqlite.py", line 301, in process_entities
    c.executemany(
    ~~~~~~~~~~~~~^
        'insert or replace into entities values (?,?,?,?,?,?)', rows)
        ^^^^^^^^^^^^^^^^^^^^^^^^^^^^^^^^^^^^^^^^^^^^^^^^^^^^^^^^^^^^^
sqlite3.OperationalError: database is locked
